 XV6_TEST_OUTPUT scheduler 3 0 1
 XV6_TEST_OUTPUT scheduler 3 1 1
 XV6_TEST_OUTPUT scheduler 3 2 1
 XV6_TEST_OUTPUT scheduler 3 3 1
 XV6_TEST_OUTPUT scheduler 3 4 1
 XV6_TEST_OUTPUT scheduler 3 5 1
 XV6_TEST_OUTPUT scheduler 3 6 1
 XV6_TEST_OUTPUT scheduler 3 7 1
 XV6_TEST_OUTPUT scheduler 3 8 1
 XV6_TEST_OUTPUT scheduler 4 0 30
 XV6_TEST_OUTPUT scheduler 4 1 20
 XV6_TEST_OUTPUT scheduler 3 9 30
 XV6_TEST_OUTPUT scheduler 4 2 20
 XV6_TEST_OUTPUT scheduler 4 3 20
 XV6_TEST_OUTPUT scheduler 3 10 30
 XV6_TEST_OUTPUT scheduler 5 0 20
 XV6_TEST_OUTPUT scheduler 4 4 20
 XV6_TEST_OUTPUT scheduler 4 5 20
 XV6_TEST_OUTPUT scheduler 3 11 30
 XV6_TEST_OUTPUT scheduler 5 1 10
 XV6_TEST_OUTPUT scheduler 3 12 30
 XV6_TEST_OUTPUT scheduler 4 6 20
 XV6_TEST_OUTPUT scheduler 4 7 20
 XV6_TEST_OUTPUT scheduler 3 13 30
 XV6_TEST_OUTPUT scheduler 4 8 20
 XV6_TEST_OUTPUT scheduler 4 9 20
 XV6_TEST_OUTPUT scheduler 3 14 30
 XV6_TEST_OUTPUT scheduler 3 15 30
 XV6_TEST_OUTPUT scheduler 3 16 30
 XV6_TEST_OUTPUT scheduler 5 2 10
 XV6_TEST_OUTPUT scheduler 3 17 30
 XV6_TEST_OUTPUT scheduler 3 18 30
 XV6_TEST_OUTPUT scheduler 3 19 30
 XV6_TEST_OUTPUT scheduler 5 3 10
 XV6_TEST_OUTPUT scheduler 4 10 20
 XV6_TEST_OUTPUT scheduler 3 20 30
 XV6_TEST_OUTPUT scheduler 5 4 10
 XV6_TEST_OUTPUT scheduler 3 21 30
 XV6_TEST_OUTPUT scheduler 4 11 20
 XV6_TEST_OUTPUT scheduler 3 22 30
 XV6_TEST_OUTPUT scheduler 4 12 20
 XV6_TEST_OUTPUT scheduler 3 23 30
 XV6_TEST_OUTPUT scheduler 3 24 30
 XV6_TEST_OUTPUT scheduler 3 25 30
 XV6_TEST_OUTPUT scheduler 3 26 30
 XV6_TEST_OUTPUT scheduler 3 27 30
 XV6_TEST_OUTPUT scheduler 5 5 10
 XV6_TEST_OUTPUT scheduler 4 13 20
 XV6_TEST_OUTPUT scheduler 3 28 30
 XV6_TEST_OUTPUT scheduler 3 29 30
 XV6_TEST_OUTPUT scheduler 4 14 20
 XV6_TEST_OUTPUT scheduler 4 15 20
 XV6_TEST_OUTPUT scheduler 5 6 10
 XV6_TEST_OUTPUT scheduler 3 30 30
 XV6_TEST_OUTPUT scheduler 3 31 30
 XV6_TEST_OUTPUT scheduler 4 16 20
 XV6_TEST_OUTPUT scheduler 3 32 30
 XV6_TEST_OUTPUT scheduler 3 33 30
 XV6_TEST_OUTPUT scheduler 5 7 10
 XV6_TEST_OUTPUT scheduler 4 17 20
 XV6_TEST_OUTPUT scheduler 4 18 20
 XV6_TEST_OUTPUT scheduler 4 19 20
 XV6_TEST_OUTPUT scheduler 3 34 30
 XV6_TEST_OUTPUT scheduler 5 8 10
 XV6_TEST_OUTPUT scheduler 3 35 30
 XV6_TEST_OUTPUT scheduler 4 20 20
 XV6_TEST_OUTPUT scheduler 5 9 10
 XV6_TEST_OUTPUT scheduler 3 36 30
 XV6_TEST_OUTPUT scheduler 3 37 30
 XV6_TEST_OUTPUT scheduler 4 21 20
 XV6_TEST_OUTPUT scheduler 4 22 20
 XV6_TEST_OUTPUT scheduler 3 38 30
 XV6_TEST_OUTPUT scheduler 4 23 20
 XV6_TEST_OUTPUT scheduler 4 24 20
 XV6_TEST_OUTPUT scheduler 3 39 30
 XV6_TEST_OUTPUT scheduler 3 40 30
 XV6_TEST_OUTPUT scheduler 3 41 30
 XV6_TEST_OUTPUT scheduler 5 10 10
 XV6_TEST_OUTPUT scheduler 3 42 30
 XV6_TEST_OUTPUT scheduler 3 43 30
 XV6_TEST_OUTPUT scheduler 3 44 30
 XV6_TEST_OUTPUT scheduler 5 11 10
 XV6_TEST_OUTPUT scheduler 4 25 20
 XV6_TEST_OUTPUT scheduler 3 45 30
 XV6_TEST_OUTPUT scheduler 5 12 10
 XV6_TEST_OUTPUT scheduler 3 46 30
 XV6_TEST_OUTPUT scheduler 4 26 20
 XV6_TEST_OUTPUT scheduler 3 47 30
 XV6_TEST_OUTPUT scheduler 4 27 20
 XV6_TEST_OUTPUT scheduler 3 48 30
 XV6_TEST_OUTPUT scheduler 3 49 30
 XV6_TEST_OUTPUT scheduler 3 50 30
 XV6_TEST_OUTPUT scheduler 3 51 30
 XV6_TEST_OUTPUT scheduler 3 52 30
 XV6_TEST_OUTPUT scheduler 5 13 10
 XV6_TEST_OUTPUT scheduler 4 28 20
 XV6_TEST_OUTPUT scheduler 3 53 30
 XV6_TEST_OUTPUT scheduler 3 54 30
 XV6_TEST_OUTPUT scheduler 4 29 20
 XV6_TEST_OUTPUT scheduler 4 30 20
 XV6_TEST_OUTPUT scheduler 5 14 10
 XV6_TEST_OUTPUT scheduler 3 55 30
 XV6_TEST_OUTPUT scheduler 3 56 30
 XV6_TEST_OUTPUT scheduler 4 31 20
 XV6_TEST_OUTPUT scheduler 3 57 30
 XV6_TEST_OUTPUT scheduler 3 58 30
 XV6_TEST_OUTPUT scheduler 5 15 10
 XV6_TEST_OUTPUT scheduler 4 32 20
 XV6_TEST_OUTPUT scheduler 4 33 20
 XV6_TEST_OUTPUT scheduler 4 34 20
 XV6_TEST_OUTPUT scheduler 3 59 30
 XV6_TEST_OUTPUT scheduler 5 16 10
 XV6_TEST_OUTPUT scheduler 3 60 30
 XV6_TEST_OUTPUT scheduler 4 35 20
 XV6_TEST_OUTPUT scheduler 5 17 10
 XV6_TEST_OUTPUT scheduler 3 61 30
 XV6_TEST_OUTPUT scheduler 3 62 30
 XV6_TEST_OUTPUT scheduler 4 36 20
 XV6_TEST_OUTPUT scheduler 4 37 20
 XV6_TEST_OUTPUT scheduler 3 63 30
 XV6_TEST_OUTPUT scheduler 4 38 20
 XV6_TEST_OUTPUT scheduler 4 39 20
 XV6_TEST_OUTPUT scheduler 3 64 30
 XV6_TEST_OUTPUT scheduler 3 65 30
 XV6_TEST_OUTPUT scheduler 3 66 30
 XV6_TEST_OUTPUT scheduler 5 18 10
 XV6_TEST_OUTPUT scheduler 3 67 30
 XV6_TEST_OUTPUT scheduler 3 68 30
 XV6_TEST_OUTPUT scheduler 3 69 30
 XV6_TEST_OUTPUT scheduler 5 19 10
 XV6_TEST_OUTPUT scheduler 4 40 20
 XV6_TEST_OUTPUT scheduler 3 70 30
 XV6_TEST_OUTPUT scheduler 5 20 10
 XV6_TEST_OUTPUT scheduler 3 71 30
 XV6_TEST_OUTPUT scheduler 4 41 20
 XV6_TEST_OUTPUT scheduler 3 72 30
 XV6_TEST_OUTPUT scheduler 4 42 20
 XV6_TEST_OUTPUT scheduler 3 73 30
 XV6_TEST_OUTPUT scheduler 3 74 30
 XV6_TEST_OUTPUT scheduler 3 75 30
 XV6_TEST_OUTPUT scheduler 3 76 30
 XV6_TEST_OUTPUT scheduler 3 77 30
 XV6_TEST_OUTPUT scheduler 5 21 10
 XV6_TEST_OUTPUT scheduler 4 43 20
 XV6_TEST_OUTPUT scheduler 3 78 30
 XV6_TEST_OUTPUT scheduler 3 79 30
 XV6_TEST_OUTPUT scheduler 4 44 20
 XV6_TEST_OUTPUT scheduler 4 45 20
 XV6_TEST_OUTPUT scheduler 5 22 10
 XV6_TEST_OUTPUT scheduler 3 80 30
 XV6_TEST_OUTPUT scheduler 3 81 30
 XV6_TEST_OUTPUT scheduler 4 46 20
 XV6_TEST_OUTPUT scheduler 3 82 30
 XV6_TEST_OUTPUT scheduler 3 83 30
 XV6_TEST_OUTPUT scheduler 5 23 10
 XV6_TEST_OUTPUT scheduler 4 47 20
 XV6_TEST_OUTPUT scheduler 4 48 20
 XV6_TEST_OUTPUT scheduler 4 49 20
 XV6_TEST_OUTPUT scheduler 3 84 30
 XV6_TEST_OUTPUT scheduler 5 24 10
 XV6_TEST_OUTPUT scheduler 3 85 30
 XV6_TEST_OUTPUT scheduler 4 50 20
 XV6_TEST_OUTPUT scheduler 5 25 10
 XV6_TEST_OUTPUT scheduler 3 86 30
 XV6_TEST_OUTPUT scheduler 3 87 30
 XV6_TEST_OUTPUT scheduler 4 51 20
 XV6_TEST_OUTPUT scheduler 4 52 20
 XV6_TEST_OUTPUT scheduler 3 88 30
 XV6_TEST_OUTPUT scheduler 4 53 20
 XV6_TEST_OUTPUT scheduler 4 54 20
 XV6_TEST_OUTPUT scheduler 3 89 30
 XV6_TEST_OUTPUT scheduler 3 90 30
 XV6_TEST_OUTPUT scheduler 3 91 30
 XV6_TEST_OUTPUT scheduler 5 26 10
 XV6_TEST_OUTPUT scheduler 3 92 30
 XV6_TEST_OUTPUT scheduler 3 93 30
 XV6_TEST_OUTPUT scheduler 3 94 30
 XV6_TEST_OUTPUT scheduler 5 27 10
 XV6_TEST_OUTPUT scheduler 4 55 20
 XV6_TEST_OUTPUT scheduler 3 95 30
 XV6_TEST_OUTPUT scheduler 5 28 10
 XV6_TEST_OUTPUT scheduler 3 96 30
 XV6_TEST_OUTPUT scheduler 4 56 20
 XV6_TEST_OUTPUT scheduler 3 97 30
 XV6_TEST_OUTPUT scheduler 4 57 20
 XV6_TEST_OUTPUT scheduler 3 98 30
 XV6_TEST_OUTPUT scheduler 3 99 30
 XV6_TEST_OUTPUT scheduler 3 100 30
 XV6_TEST_OUTPUT scheduler 3 101 30
 XV6_TEST_OUTPUT scheduler 3 102 30
 XV6_TEST_OUTPUT scheduler 5 29 10
 XV6_TEST_OUTPUT scheduler 4 58 20
 XV6_TEST_OUTPUT scheduler 3 103 30
 XV6_TEST_OUTPUT scheduler 3 104 30
 XV6_TEST_OUTPUT scheduler 4 59 20
 XV6_TEST_OUTPUT scheduler 4 60 20
 XV6_TEST_OUTPUT scheduler 5 30 10
 XV6_TEST_OUTPUT scheduler 3 105 30
 XV6_TEST_OUTPUT scheduler 3 106 30
 XV6_TEST_OUTPUT scheduler 4 61 20
 XV6_TEST_OUTPUT scheduler 3 107 30
 XV6_TEST_OUTPUT scheduler 3 108 30
 XV6_TEST_OUTPUT scheduler 5 31 10
 XV6_TEST_OUTPUT scheduler 4 62 20
 XV6_TEST_OUTPUT scheduler 4 63 20
 XV6_TEST_OUTPUT scheduler 4 64 20
 XV6_TEST_OUTPUT scheduler 3 109 30
 XV6_TEST_OUTPUT scheduler 5 32 10
 XV6_TEST_OUTPUT scheduler 3 110 30
 XV6_TEST_OUTPUT scheduler 4 65 20
 XV6_TEST_OUTPUT scheduler 5 33 10
 XV6_TEST_OUTPUT scheduler 3 111 30
 XV6_TEST_OUTPUT scheduler 3 112 30
 XV6_TEST_OUTPUT scheduler 4 66 20
 XV6_TEST_OUTPUT scheduler 4 67 20
 XV6_TEST_OUTPUT scheduler 3 113 30
 XV6_TEST_OUTPUT scheduler 4 68 20
 XV6_TEST_OUTPUT scheduler 4 69 20
 XV6_TEST_OUTPUT scheduler 3 114 30
 XV6_TEST_OUTPUT scheduler 3 115 30
 XV6_TEST_OUTPUT scheduler 3 116 30
 XV6_TEST_OUTPUT scheduler 5 34 10
 XV6_TEST_OUTPUT scheduler 3 117 30
 XV6_TEST_OUTPUT scheduler 3 118 30
 XV6_TEST_OUTPUT scheduler 3 119 30
 XV6_TEST_OUTPUT scheduler 5 35 10
 XV6_TEST_OUTPUT scheduler 4 70 20
 XV6_TEST_OUTPUT scheduler 3 120 30
 XV6_TEST_OUTPUT scheduler 5 36 10
 XV6_TEST_OUTPUT scheduler 3 121 30
 XV6_TEST_OUTPUT scheduler 4 71 20
 XV6_TEST_OUTPUT scheduler 3 122 30
 XV6_TEST_OUTPUT scheduler 4 72 20
 XV6_TEST_OUTPUT scheduler 3 123 30
 XV6_TEST_OUTPUT scheduler 3 124 30
 XV6_TEST_OUTPUT scheduler 3 125 30
 XV6_TEST_OUTPUT scheduler 3 126 30
 XV6_TEST_OUTPUT scheduler 3 127 30
 XV6_TEST_OUTPUT scheduler 5 37 10
 XV6_TEST_OUTPUT scheduler 4 73 20
 XV6_TEST_OUTPUT scheduler 3 128 30
 XV6_TEST_OUTPUT scheduler 3 129 30
 XV6_TEST_OUTPUT scheduler 4 74 20
 XV6_TEST_OUTPUT scheduler 4 75 20
 XV6_TEST_OUTPUT scheduler 5 38 10
 XV6_TEST_OUTPUT scheduler 3 130 30
 XV6_TEST_OUTPUT scheduler 3 131 30
 XV6_TEST_OUTPUT scheduler 4 76 20
 XV6_TEST_OUTPUT scheduler 3 132 30
 XV6_TEST_OUTPUT scheduler 3 133 30
 XV6_TEST_OUTPUT scheduler 5 39 10
 XV6_TEST_OUTPUT scheduler 4 77 20
 XV6_TEST_OUTPUT scheduler 4 78 20
 XV6_TEST_OUTPUT scheduler 4 79 20
 XV6_TEST_OUTPUT scheduler 3 134 30
 XV6_TEST_OUTPUT scheduler 5 40 10
 XV6_TEST_OUTPUT scheduler 3 135 30
 XV6_TEST_OUTPUT scheduler 4 80 20
 XV6_TEST_OUTPUT scheduler 5 41 10
 XV6_TEST_OUTPUT scheduler 3 136 30
 XV6_TEST_OUTPUT scheduler 3 137 30
 XV6_TEST_OUTPUT scheduler 4 81 20
 XV6_TEST_OUTPUT scheduler 4 82 20
 XV6_TEST_OUTPUT scheduler 3 138 30
 XV6_TEST_OUTPUT scheduler 4 83 20
 XV6_TEST_OUTPUT scheduler 4 84 20
 XV6_TEST_OUTPUT scheduler 3 139 30
 XV6_TEST_OUTPUT scheduler 3 140 30
 XV6_TEST_OUTPUT scheduler 3 141 30
 XV6_TEST_OUTPUT scheduler 5 42 10
 XV6_TEST_OUTPUT scheduler 3 142 30
 XV6_TEST_OUTPUT scheduler 3 143 30
 XV6_TEST_OUTPUT scheduler 3 144 30
 XV6_TEST_OUTPUT scheduler 5 43 10
 XV6_TEST_OUTPUT scheduler 4 85 20
 XV6_TEST_OUTPUT scheduler 3 145 30
 XV6_TEST_OUTPUT scheduler 5 44 10
 XV6_TEST_OUTPUT scheduler 3 146 30
 XV6_TEST_OUTPUT scheduler 4 86 20
 XV6_TEST_OUTPUT scheduler 3 147 30
 XV6_TEST_OUTPUT scheduler 4 87 20
 XV6_TEST_OUTPUT scheduler 3 148 30
 XV6_TEST_OUTPUT scheduler 3 149 30
 XV6_TEST_OUTPUT scheduler 3 150 30
 XV6_TEST_OUTPUT scheduler 3 151 30
 XV6_TEST_OUTPUT scheduler 3 152 30
 XV6_TEST_OUTPUT scheduler 5 45 10
 XV6_TEST_OUTPUT scheduler 4 88 20
 XV6_TEST_OUTPUT scheduler 3 153 30
 XV6_TEST_OUTPUT scheduler 3 154 30
 XV6_TEST_OUTPUT scheduler 4 89 20
 XV6_TEST_OUTPUT scheduler 4 90 20
 XV6_TEST_OUTPUT scheduler 5 46 10
 XV6_TEST_OUTPUT scheduler 3 155 30
 XV6_TEST_OUTPUT scheduler 3 156 30
 XV6_TEST_OUTPUT scheduler 4 91 20
 XV6_TEST_OUTPUT scheduler 3 157 30
 XV6_TEST_OUTPUT scheduler 3 158 30
 XV6_TEST_OUTPUT scheduler 5 47 10
 XV6_TEST_OUTPUT scheduler 4 92 20
 XV6_TEST_OUTPUT scheduler 4 93 20
 XV6_TEST_OUTPUT scheduler 4 94 20
 XV6_TEST_OUTPUT scheduler 3 159 30
 XV6_TEST_OUTPUT scheduler 5 48 10
 XV6_TEST_OUTPUT scheduler 3 160 30
 XV6_TEST_OUTPUT scheduler 4 95 20
 XV6_TEST_OUTPUT scheduler 5 49 10
 XV6_TEST_OUTPUT scheduler 3 161 30
 XV6_TEST_OUTPUT scheduler 3 162 30
 XV6_TEST_OUTPUT scheduler 4 96 20
 XV6_TEST_OUTPUT scheduler 4 97 20
 XV6_TEST_OUTPUT scheduler 3 163 30
 XV6_TEST_OUTPUT scheduler 4 98 20
 XV6_TEST_OUTPUT scheduler 4 99 20
 XV6_TEST_OUTPUT scheduler 3 164 30
 XV6_TEST_OUTPUT scheduler 3 165 30
 XV6_TEST_OUTPUT scheduler 3 166 30
 XV6_TEST_OUTPUT scheduler 5 50 10
 XV6_TEST_OUTPUT scheduler 3 167 30
 XV6_TEST_OUTPUT scheduler 3 168 30
 XV6_TEST_OUTPUT scheduler 3 169 30
 XV6_TEST_OUTPUT scheduler 5 51 10
 XV6_TEST_OUTPUT scheduler 4 100 20
 XV6_TEST_OUTPUT scheduler 3 170 30
 XV6_TEST_OUTPUT scheduler 5 52 10
 XV6_TEST_OUTPUT scheduler 3 171 30
 XV6_TEST_OUTPUT scheduler 4 101 20
 XV6_TEST_OUTPUT scheduler 3 172 30
 XV6_TEST_OUTPUT scheduler 4 102 20
 XV6_TEST_OUTPUT scheduler 3 173 30
 XV6_TEST_OUTPUT scheduler 3 174 30
 XV6_TEST_OUTPUT scheduler 3 175 30
 XV6_TEST_OUTPUT scheduler 3 176 30
 XV6_TEST_OUTPUT scheduler 3 177 30
 XV6_TEST_OUTPUT scheduler 5 53 10
 XV6_TEST_OUTPUT scheduler 4 103 20
 XV6_TEST_OUTPUT scheduler 3 178 30
 XV6_TEST_OUTPUT scheduler 3 179 30
 XV6_TEST_OUTPUT scheduler 4 104 20
 XV6_TEST_OUTPUT scheduler 4 105 20
 XV6_TEST_OUTPUT scheduler 5 54 10
 XV6_TEST_OUTPUT scheduler 3 180 30
 XV6_TEST_OUTPUT scheduler 3 181 30
 XV6_TEST_OUTPUT scheduler 4 106 20
 XV6_TEST_OUTPUT scheduler 3 182 30
 XV6_TEST_OUTPUT scheduler 3 183 30
 XV6_TEST_OUTPUT scheduler 5 55 10
 XV6_TEST_OUTPUT scheduler 4 107 20
 XV6_TEST_OUTPUT scheduler 4 108 20
 XV6_TEST_OUTPUT scheduler 4 109 20
 XV6_TEST_OUTPUT scheduler 3 184 30
 XV6_TEST_OUTPUT scheduler 5 56 10
 XV6_TEST_OUTPUT scheduler 3 185 30
 XV6_TEST_OUTPUT scheduler 4 110 20
 XV6_TEST_OUTPUT scheduler 5 57 10
 XV6_TEST_OUTPUT scheduler 3 186 30
 XV6_TEST_OUTPUT scheduler 3 187 30
 XV6_TEST_OUTPUT scheduler 4 111 20
 XV6_TEST_OUTPUT scheduler 4 112 20
 XV6_TEST_OUTPUT scheduler 3 188 30
 XV6_TEST_OUTPUT scheduler 4 113 20
 XV6_TEST_OUTPUT scheduler 4 114 20
 XV6_TEST_OUTPUT scheduler 3 189 30
 XV6_TEST_OUTPUT scheduler 3 190 30
 XV6_TEST_OUTPUT scheduler 3 191 30
 XV6_TEST_OUTPUT scheduler 5 58 10
 XV6_TEST_OUTPUT scheduler 3 192 30
 XV6_TEST_OUTPUT scheduler 3 193 30
 XV6_TEST_OUTPUT scheduler 3 194 30
 XV6_TEST_OUTPUT scheduler 5 59 10
 XV6_TEST_OUTPUT scheduler 4 115 20
 XV6_TEST_OUTPUT scheduler 3 195 30
 XV6_TEST_OUTPUT scheduler 5 60 10
 XV6_TEST_OUTPUT scheduler 3 196 30
 XV6_TEST_OUTPUT scheduler 4 116 20
 XV6_TEST_OUTPUT scheduler 3 197 30
 XV6_TEST_OUTPUT scheduler 4 117 20
 XV6_TEST_OUTPUT scheduler 3 198 30
 XV6_TEST_OUTPUT scheduler 3 199 30
 XV6_TEST_OUTPUT scheduler 3 200 30
 XV6_TEST_OUTPUT scheduler 3 201 30
 XV6_TEST_OUTPUT scheduler 3 202 30
 XV6_TEST_OUTPUT scheduler 5 61 10
 XV6_TEST_OUTPUT scheduler 4 118 20
 XV6_TEST_OUTPUT scheduler 3 203 30
 XV6_TEST_OUTPUT scheduler 3 204 30
 XV6_TEST_OUTPUT scheduler 4 119 20
 XV6_TEST_OUTPUT scheduler 4 120 20
 XV6_TEST_OUTPUT scheduler 5 62 10
 XV6_TEST_OUTPUT scheduler 3 205 30
 XV6_TEST_OUTPUT scheduler 3 206 30
 XV6_TEST_OUTPUT scheduler 4 121 20
 XV6_TEST_OUTPUT scheduler 3 207 30
 XV6_TEST_OUTPUT scheduler 3 208 30
 XV6_TEST_OUTPUT scheduler 5 63 10
 XV6_TEST_OUTPUT scheduler 4 122 20
 XV6_TEST_OUTPUT scheduler 4 123 20
 XV6_TEST_OUTPUT scheduler 4 124 20
 XV6_TEST_OUTPUT scheduler 3 209 30
 XV6_TEST_OUTPUT scheduler 5 64 10
 XV6_TEST_OUTPUT scheduler 3 210 30
 XV6_TEST_OUTPUT scheduler 4 125 20
 XV6_TEST_OUTPUT scheduler 5 65 10
 XV6_TEST_OUTPUT scheduler 3 211 30
 XV6_TEST_OUTPUT scheduler 3 212 30
 XV6_TEST_OUTPUT scheduler 4 126 20
 XV6_TEST_OUTPUT scheduler 4 127 20
 XV6_TEST_OUTPUT scheduler 3 213 30
 XV6_TEST_OUTPUT scheduler 4 128 20
 XV6_TEST_OUTPUT scheduler 4 129 20
 XV6_TEST_OUTPUT scheduler 3 214 30
 XV6_TEST_OUTPUT scheduler 3 215 30
 XV6_TEST_OUTPUT scheduler 3 216 30
 XV6_TEST_OUTPUT scheduler 5 66 10
 XV6_TEST_OUTPUT scheduler 3 217 30
 XV6_TEST_OUTPUT scheduler 3 218 30
 XV6_TEST_OUTPUT scheduler 3 219 30
 XV6_TEST_OUTPUT scheduler 5 67 10
 XV6_TEST_OUTPUT scheduler 4 130 20
 XV6_TEST_OUTPUT scheduler 3 220 30
 XV6_TEST_OUTPUT scheduler 5 68 10
 XV6_TEST_OUTPUT scheduler 3 221 30
 XV6_TEST_OUTPUT scheduler 4 131 20
 XV6_TEST_OUTPUT scheduler 3 222 30
 XV6_TEST_OUTPUT scheduler 4 132 20
 XV6_TEST_OUTPUT scheduler 3 223 30
 XV6_TEST_OUTPUT scheduler 3 224 30
 XV6_TEST_OUTPUT scheduler 3 225 30
 XV6_TEST_OUTPUT scheduler 3 226 30
 XV6_TEST_OUTPUT scheduler 3 227 30
 XV6_TEST_OUTPUT scheduler 5 69 10
 XV6_TEST_OUTPUT scheduler 4 133 20
 XV6_TEST_OUTPUT scheduler 3 228 30
 XV6_TEST_OUTPUT scheduler 3 229 30
 XV6_TEST_OUTPUT scheduler 4 134 20
 XV6_TEST_OUTPUT scheduler 4 135 20
 XV6_TEST_OUTPUT scheduler 5 70 10
 XV6_TEST_OUTPUT scheduler 3 230 30
 XV6_TEST_OUTPUT scheduler 3 231 30
 XV6_TEST_OUTPUT scheduler 4 136 20
 XV6_TEST_OUTPUT scheduler 3 232 30
 XV6_TEST_OUTPUT scheduler 3 233 30
 XV6_TEST_OUTPUT scheduler 5 71 10
 XV6_TEST_OUTPUT scheduler 4 137 20
 XV6_TEST_OUTPUT scheduler 4 138 20
 XV6_TEST_OUTPUT scheduler 4 139 20
 XV6_TEST_OUTPUT scheduler 3 234 30
 XV6_TEST_OUTPUT scheduler 5 72 10
 XV6_TEST_OUTPUT scheduler 3 235 30
 XV6_TEST_OUTPUT scheduler 4 140 20
 XV6_TEST_OUTPUT scheduler 5 73 10
 XV6_TEST_OUTPUT scheduler 3 236 30
 XV6_TEST_OUTPUT scheduler 3 237 30
 XV6_TEST_OUTPUT scheduler 4 141 20
 XV6_TEST_OUTPUT scheduler 4 142 20
 XV6_TEST_OUTPUT scheduler 3 238 30
 XV6_TEST_OUTPUT scheduler 4 143 20
 XV6_TEST_OUTPUT scheduler 4 144 20
 XV6_TEST_OUTPUT scheduler 3 239 30
 XV6_TEST_OUTPUT scheduler 3 240 30
 XV6_TEST_OUTPUT scheduler 3 241 30
 XV6_TEST_OUTPUT scheduler 5 74 10
 XV6_TEST_OUTPUT scheduler 3 242 30
 XV6_TEST_OUTPUT scheduler 3 243 30
 XV6_TEST_OUTPUT scheduler 3 244 30
 XV6_TEST_OUTPUT scheduler 5 75 10
 XV6_TEST_OUTPUT scheduler 4 145 20
 XV6_TEST_OUTPUT scheduler 3 245 30
 XV6_TEST_OUTPUT scheduler 5 76 10
 XV6_TEST_OUTPUT scheduler 3 246 30
 XV6_TEST_OUTPUT scheduler 4 146 20
 XV6_TEST_OUTPUT scheduler 3 247 30
 XV6_TEST_OUTPUT scheduler 4 147 20
 XV6_TEST_OUTPUT scheduler 3 248 30
 XV6_TEST_OUTPUT scheduler 3 249 30
 XV6_TEST_OUTPUT scheduler 3 250 30
 XV6_TEST_OUTPUT scheduler 3 251 30
 XV6_TEST_OUTPUT scheduler 3 252 30
 XV6_TEST_OUTPUT scheduler 5 77 10
 XV6_TEST_OUTPUT scheduler 4 148 20
 XV6_TEST_OUTPUT scheduler 3 253 30
 XV6_TEST_OUTPUT scheduler 3 254 30
 XV6_TEST_OUTPUT scheduler 4 149 20
 XV6_TEST_OUTPUT scheduler 4 150 20
 XV6_TEST_OUTPUT scheduler 5 78 10
 XV6_TEST_OUTPUT scheduler 3 255 30
 XV6_TEST_OUTPUT scheduler 3 256 30
 XV6_TEST_OUTPUT scheduler 4 151 20
 XV6_TEST_OUTPUT scheduler 3 257 30
 XV6_TEST_OUTPUT scheduler 3 258 30
 XV6_TEST_OUTPUT scheduler 5 79 10
 XV6_TEST_OUTPUT scheduler 4 152 20
 XV6_TEST_OUTPUT scheduler 4 153 20
 XV6_TEST_OUTPUT scheduler 4 154 20
 XV6_TEST_OUTPUT scheduler 3 259 30