 XV6_TEST_OUTPUT scheduler 4 67 20
 XV6_TEST_OUTPUT scheduler 3 113 30
 XV6_TEST_OUTPUT scheduler 4 68 20
 XV6_TEST_OUTPUT scheduler 4 69 20
 XV6_TEST_OUTPUT scheduler 3 114 30
 XV6_TEST_OUTPUT scheduler 3 115 30
 XV6_TEST_OUTPUT scheduler 3 116 30
 XV6_TEST_OUTPUT scheduler 5 34 10
 XV6_TEST_OUTPUT scheduler 3 117 30
 XV6_TEST_OUTPUT scheduler 3 118 30
 XV6_TEST_OUTPUT scheduler 3 119 30
 XV6_TEST_OUTPUT scheduler 5 35 10
 XV6_TEST_OUTPUT scheduler 4 70 20
 XV6_TEST_OUTPUT scheduler 3 120 30
 XV6_TEST_OUTPUT scheduler 5 36 10
 XV6_TEST_OUTPUT scheduler 3 121 30
 XV6_TEST_OUTPUT scheduler 4 71 20
 XV6_TEST_OUTPUT scheduler 3 122 30
 XV6_TEST_OUTPUT scheduler 4 72 20
 XV6_TEST_OUTPUT scheduler 3 123 30
 XV6_TEST_OUTPUT scheduler 3 124 30
 XV6_TEST_OUTPUT scheduler 3 125 30
 XV6_TEST_OUTPUT scheduler 3 126 30
 XV6_TEST_OUTPUT scheduler 3 127 30
 XV6_TEST_OUTPUT scheduler 5 37 10
 XV6_TEST_OUTPUT scheduler 4 73 20
 XV6_TEST_OUTPUT scheduler 3 128 30
 XV6_TEST_OUTPUT scheduler 3 129 30
 XV6_TEST_OUTPUT scheduler 4 74 20
 XV6_TEST_OUTPUT scheduler 4 75 20
 XV6_TEST_OUTPUT scheduler 5 38 10
 XV6_TEST_OUTPUT scheduler 3 130 30
 XV6_TEST_OUTPUT scheduler 3 131 30
 XV6_TEST_OUTPUT scheduler 4 76 20
 XV6_TEST_OUTPUT scheduler 3 132 30
 XV6_TEST_OUTPUT scheduler 3 133 30
 XV6_TEST_OUTPUT scheduler 5 39 10
 XV6_TEST_OUTPUT scheduler 4 77 20
 XV6_TEST_OUTPUT scheduler 4 78 20
 XV6_TEST_OUTPUT scheduler 4 79 20
 XV6_TEST_OUTPUT scheduler 3 134 30
 XV6_TEST_OUTPUT scheduler 5 40 10
 XV6_TEST_OUTPUT scheduler 3 135 30
 XV6_TEST_OUTPUT scheduler 4 80 20
 XV6_TEST_OUTPUT scheduler 5 41 10
 XV6_TEST_OUTPUT scheduler 3 136 30
 XV6_TEST_OUTPUT scheduler 3 137 30
 XV6_TEST_OUTPUT scheduler 4 81 20
 XV6_TEST_OUTPUT scheduler 4 82 20
 XV6_TEST_OUTPUT scheduler 3 138 30
 XV6_TEST_OUTPUT scheduler 4 83 20
 XV6_TEST_OUTPUT scheduler 4 84 20
 XV6_TEST_OUTPUT scheduler 3 139 30
 XV6_TEST_OUTPUT scheduler 3 140 30
 XV6_TEST_OUTPUT scheduler 3 141 30
 XV6_TEST_OUTPUT scheduler 5 42 10
 XV6_TEST_OUTPUT scheduler 3 142 30
 XV6_TEST_OUTPUT scheduler 3 143 30
 XV6_TEST_OUTPUT scheduler 3 144 30
 XV6_TEST_OUTPUT scheduler 5 43 10
 XV6_TEST_OUTPUT scheduler 4 85 20
 XV6_TEST_OUTPUT scheduler 3 145 30
 XV6_TEST_OUTPUT scheduler 5 44 10
 XV6_TEST_OUTPUT scheduler 3 146 30
 XV6_TEST_OUTPUT scheduler 4 86 20
 XV6_TEST_OUTPUT scheduler 3 147 30
 XV6_TEST_OUTPUT scheduler 4 87 20
 XV6_TEST_OUTPUT scheduler 3 148 30
 XV6_TEST_OUTPUT scheduler 3 149 30
 XV6_TEST_OUTPUT scheduler 3 150 30